127.0.0.1 - - [19/Apr/2024:01:27:52 +0300] "GET /index-477a84c4115640a9.css HTTP/1.1" 304 0 "https://127.0.0.1/" "Mozilla/5.0 (Windows NT 10.0; Win64; x64; rv:124.0) Gecko/20100101 Firefox/124.0"
127.0.0.1 - - [19/Apr/2024:01:27:52 +0300] "GET /consys-wasm-8c0b1db06d03465a_bg.wasm HTTP/1.1" 304 0 "https://127.0.0.1/" "Mozilla/5.0 (Windows NT 10.0; Win64; x64; rv:124.0) Gecko/20100101 Firefox/124.0"
127.0.0.1 - - [19/Apr/2024:01:27:52 +0300] "POST /api/auth.Authentication/GetAuth HTTP/1.1" 200 66 "https://127.0.0.1/" "Mozilla/5.0 (Windows NT 10.0; Win64; x64; rv:124.0) Gecko/20100101 Firefox/124.0"
127.0.0.1 - - [19/Apr/2024:01:27:52 +0300] "GET /favicon.ico HTTP/1.1" 200 975 "https://127.0.0.1/" "Mozilla/5.0 (Windows NT 10.0; Win64; x64; rv:124.0) Gecko/20100101 Firefox/124.0"
127.0.0.1 - - [19/Apr/2024:01:27:53 +0300] "POST /api/auth.Authentication/DropToken HTTP/1.1" 200 38 "https://127.0.0.1/" "Mozilla/5.0 (Windows NT 10.0; Win64; x64; rv:124.0) Gecko/20100101 Firefox/124.0"
127.0.0.1 - - [19/Apr/2024:01:27:53 +0300] "POST /api/auth.Authentication/GetAuth HTTP/1.1" 200 36 "https://127.0.0.1/" "Mozilla/5.0 (Windows NT 10.0; Win64; x64; rv:124.0) Gecko/20100101 Firefox/124.0"
192.168.88.209 - - [19/Apr/2024:01:28:03 +0300] "GET / HTTP/1.1" 304 0 "-" "Mozilla/5.0 (Windows NT 10.0; Win64; x64; rv:124.0) Gecko/20100101 Firefox/124.0"
127.0.0.1 - - [19/Apr/2024:01:28:03 +0300] "POST /api/auth.Authentication/GetAuth HTTP/1.1" 200 66 "https://192.168.88.209/" "Mozilla/5.0 (Windows NT 10.0; Win64; x64; rv:124.0) Gecko/20100101 Firefox/124.0"
127.0.0.1 - - [19/Apr/2024:01:28:04 +0300] "POST /api/auth.Authentication/DropToken HTTP/1.1" 200 38 "https://192.168.88.209/" "Mozilla/5.0 (Windows NT 10.0; Win64; x64; rv:124.0) Gecko/20100101 Firefox/124.0"
127.0.0.1 - - [19/Apr/2024:01:28:04 +0300] "POST /api/auth.Authentication/GetAuth HTTP/1.1" 200 66 "https://192.168.88.209/" "Mozilla/5.0 (Windows NT 10.0; Win64; x64; rv:124.0) Gecko/20100101 Firefox/124.0"
127.0.0.1 - - [19/Apr/2024:01:28:07 +0300] "POST /api/auth.Authentication/DropToken HTTP/1.1" 200 38 "https://192.168.88.209/" "Mozilla/5.0 (Windows NT 10.0; Win64; x64; rv:124.0) Gecko/20100101 Firefox/124.0"
127.0.0.1 - - [19/Apr/2024:01:28:07 +0300] "POST /api/auth.Authentication/GetAuth HTTP/1.1" 200 66 "https://192.168.88.209/" "Mozilla/5.0 (Windows NT 10.0; Win64; x64; rv:124.0) Gecko/20100101 Firefox/124.0"
192.168.88.209 - - [19/Apr/2024:01:32:36 +0300] "GET / HTTP/1.1" 200 975 "-" "Mozilla/5.0 (Windows NT 10.0; Win64; x64; rv:124.0) Gecko/20100101 Firefox/124.0"
192.168.88.209 - - [19/Apr/2024:01:32:37 +0300] "GET /index-477a84c4115640a9.css HTTP/1.1" 200 7843 "https://192.168.88.209/" "Mozilla/5.0 (Windows NT 10.0; Win64; x64; rv:124.0) Gecko/20100101 Firefox/124.0"
192.168.88.209 - - [19/Apr/2024:01:32:37 +0300] "GET /consys-wasm-8c0b1db06d03465a.js HTTP/1.1" 200 18844 "https://192.168.88.209/" "Mozilla/5.0 (Windows NT 10.0; Win64; x64; rv:124.0) Gecko/20100101 Firefox/124.0"
192.168.88.209 - - [19/Apr/2024:01:32:37 +0300] "GET /consys-wasm-8c0b1db06d03465a_bg.wasm HTTP/1.1" 200 737619 "https://192.168.88.209/" "Mozilla/5.0 (Windows NT 10.0; Win64; x64; rv:124.0) Gecko/20100101 Firefox/124.0"
127.0.0.1 - - [19/Apr/2024:01:32:37 +0300] "OPTIONS /api/auth.Authentication/GetAuth HTTP/1.1" 200 0 "https://192.168.88.209/" "Mozilla/5.0 (Windows NT 10.0; Win64; x64; rv:124.0) Gecko/20100101 Firefox/124.0"
127.0.0.1 - - [19/Apr/2024:01:32:37 +0300] "POST /api/auth.Authentication/GetAuth HTTP/1.1" 200 66 "https://192.168.88.209/" "Mozilla/5.0 (Windows NT 10.0; Win64; x64; rv:124.0) Gecko/20100101 Firefox/124.0"
192.168.88.209 - - [19/Apr/2024:01:32:37 +0300] "GET /favicon.ico HTTP/1.1" 200 975 "https://192.168.88.209/" "Mozilla/5.0 (Windows NT 10.0; Win64; x64; rv:124.0) Gecko/20100101 Firefox/124.0"
127.0.0.1 - - [19/Apr/2024:01:33:00 +0300] "POST /api/auth.Authentication/DropToken HTTP/1.1" 200 38 "https://192.168.88.209/" "Mozilla/5.0 (Windows NT 10.0; Win64; x64; rv:124.0) Gecko/20100101 Firefox/124.0"
127.0.0.1 - - [19/Apr/2024:01:33:00 +0300] "POST /api/auth.Authentication/GetAuth HTTP/1.1" 200 66 "https://192.168.88.209/" "Mozilla/5.0 (Windows NT 10.0; Win64; x64; rv:124.0) Gecko/20100101 Firefox/124.0"
127.0.0.1 - - [19/Apr/2024:01:33:16 +0300] "GET /api/auth.Authentication/DropToken HTTP/1.1" 400 0 "-" "Mozilla/5.0 (Windows NT 10.0; Win64; x64; rv:124.0) Gecko/20100101 Firefox/124.0"
192.168.88.209 - - [19/Apr/2024:01:34:07 +0300] "GET / HTTP/1.1" 304 0 "-" "Mozilla/5.0 (Windows NT 10.0; Win64; x64; rv:124.0) Gecko/20100101 Firefox/124.0"
127.0.0.1 - - [19/Apr/2024:01:34:08 +0300] "POST /api/auth.Authentication/GetAuth HTTP/1.1" 200 66 "https://192.168.88.209/" "Mozilla/5.0 (Windows NT 10.0; Win64; x64; rv:124.0) Gecko/20100101 Firefox/124.0"
127.0.0.1 - - [19/Apr/2024:01:34:14 +0300] "POST /api/auth.Authentication/DropToken HTTP/1.1" 200 38 "https://192.168.88.209/" "Mozilla/5.0 (Windows NT 10.0; Win64; x64; rv:124.0) Gecko/20100101 Firefox/124.0"
127.0.0.1 - - [19/Apr/2024:01:34:14 +0300] "POST /api/auth.Authentication/GetAuth HTTP/1.1" 200 66 "https://192.168.88.209/" "Mozilla/5.0 (Windows NT 10.0; Win64; x64; rv:124.0) Gecko/20100101 Firefox/124.0"
192.168.88.209 - - [19/Apr/2024:01:41:20 +0300] "GET / HTTP/1.1" 304 0 "-" "Mozilla/5.0 (Windows NT 10.0; Win64; x64; rv:124.0) Gecko/20100101 Firefox/124.0"
192.168.88.209 - - [19/Apr/2024:01:41:20 +0300] "GET /consys-wasm-8c0b1db06d03465a.js HTTP/1.1" 304 0 "https://192.168.88.209/" "Mozilla/5.0 (Windows NT 10.0; Win64; x64; rv:124.0) Gecko/20100101 Firefox/124.0"
192.168.88.209 - - [19/Apr/2024:01:41:20 +0300] "GET /index-477a84c4115640a9.css HTTP/1.1" 304 0 "https://192.168.88.209/" "Mozilla/5.0 (Windows NT 10.0; Win64; x64; rv:124.0) Gecko/20100101 Firefox/124.0"
192.168.88.209 - - [19/Apr/2024:01:41:20 +0300] "GET /consys-wasm-8c0b1db06d03465a_bg.wasm HTTP/1.1" 304 0 "https://192.168.88.209/" "Mozilla/5.0 (Windows NT 10.0; Win64; x64; rv:124.0) Gecko/20100101 Firefox/124.0"
127.0.0.1 - - [19/Apr/2024:01:41:21 +0300] "POST /api/auth.Authentication/GetAuth HTTP/1.1" 200 66 "https://192.168.88.209/" "Mozilla/5.0 (Windows NT 10.0; Win64; x64; rv:124.0) Gecko/20100101 Firefox/124.0"
127.0.0.1 - - [19/Apr/2024:01:41:37 +0300] "POST /api/auth.Authentication/DropToken HTTP/1.1" 200 38 "https://192.168.88.209/" "Mozilla/5.0 (Windows NT 10.0; Win64; x64; rv:124.0) Gecko/20100101 Firefox/124.0"
127.0.0.1 - - [19/Apr/2024:01:41:37 +0300] "POST /api/auth.Authentication/GetAuth HTTP/1.1" 200 66 "https://192.168.88.209/" "Mozilla/5.0 (Windows NT 10.0; Win64; x64; rv:124.0) Gecko/20100101 Firefox/124.0"
192.168.88.209 - - [19/Apr/2024:01:44:47 +0300] "GET / HTTP/1.1" 304 0 "-" "Mozilla/5.0 (Windows NT 10.0; Win64; x64; rv:124.0) Gecko/20100101 Firefox/124.0"
127.0.0.1 - - [19/Apr/2024:01:44:47 +0300] "POST /api/auth.Authentication/GetAuth HTTP/1.1" 200 66 "https://192.168.88.209/" "Mozilla/5.0 (Windows NT 10.0; Win64; x64; rv:124.0) Gecko/20100101 Firefox/124.0"
127.0.0.1 - - [19/Apr/2024:01:44:49 +0300] "POST /api/auth.Authentication/DropToken HTTP/1.1" 200 38 "https://192.168.88.209/" "Mozilla/5.0 (Windows NT 10.0; Win64; x64; rv:124.0) Gecko/20100101 Firefox/124.0"
127.0.0.1 - - [19/Apr/2024:01:44:49 +0300] "POST /api/auth.Authentication/GetAuth HTTP/1.1" 200 66 "https://192.168.88.209/" "Mozilla/5.0 (Windows NT 10.0; Win64; x64; rv:124.0) Gecko/20100101 Firefox/124.0"
192.168.88.209 - - [19/Apr/2024:01:46:48 +0300] "GET / HTTP/1.1" 304 0 "-" "Mozilla/5.0 (Windows NT 10.0; Win64; x64; rv:124.0) Gecko/20100101 Firefox/124.0"
127.0.0.1 - - [19/Apr/2024:01:46:48 +0300] "POST /api/auth.Authentication/GetAuth HTTP/1.1" 200 66 "https://192.168.88.209/" "Mozilla/5.0 (Windows NT 10.0; Win64; x64; rv:124.0) Gecko/20100101 Firefox/124.0"
127.0.0.1 - - [19/Apr/2024:01:46:51 +0300] "POST /api/auth.Authentication/DropToken HTTP/1.1" 200 38 "https://192.168.88.209/" "Mozilla/5.0 (Windows NT 10.0; Win64; x64; rv:124.0) Gecko/20100101 Firefox/124.0"
127.0.0.1 - - [19/Apr/2024:01:46:51 +0300] "POST /api/auth.Authentication/GetAuth HTTP/1.1" 200 66 "https://192.168.88.209/" "Mozilla/5.0 (Windows NT 10.0; Win64; x64; rv:124.0) Gecko/20100101 Firefox/124.0"
192.168.88.209 - - [19/Apr/2024:01:54:29 +0300] "GET / HTTP/1.1" 304 0 "-" "Mozilla/5.0 (Windows NT 10.0; Win64; x64; rv:124.0) Gecko/20100101 Firefox/124.0"
192.168.88.209 - - [19/Apr/2024:01:54:29 +0300] "GET /consys-wasm-8c0b1db06d03465a.js HTTP/1.1" 304 0 "https://192.168.88.209/" "Mozilla/5.0 (Windows NT 10.0; Win64; x64; rv:124.0) Gecko/20100101 Firefox/124.0"
192.168.88.209 - - [19/Apr/2024:01:54:29 +0300] "GET /index-477a84c4115640a9.css HTTP/1.1" 304 0 "https://192.168.88.209/" "Mozilla/5.0 (Windows NT 10.0; Win64; x64; rv:124.0) Gecko/20100101 Firefox/124.0"
192.168.88.209 - - [19/Apr/2024:01:54:29 +0300] "GET /consys-wasm-8c0b1db06d03465a_bg.wasm HTTP/1.1" 304 0 "https://192.168.88.209/" "Mozilla/5.0 (Windows NT 10.0; Win64; x64; rv:124.0) Gecko/20100101 Firefox/124.0"
127.0.0.1 - - [19/Apr/2024:01:54:30 +0300] "POST /api/auth.Authentication/GetAuth HTTP/1.1" 200 66 "https://192.168.88.209/" "Mozilla/5.0 (Windows NT 10.0; Win64; x64; rv:124.0) Gecko/20100101 Firefox/124.0"
127.0.0.1 - - [19/Apr/2024:01:54:33 +0300] "POST /api/auth.Authentication/DropToken HTTP/1.1" 200 38 "https://192.168.88.209/" "Mozilla/5.0 (Windows NT 10.0; Win64; x64; rv:124.0) Gecko/20100101 Firefox/124.0"
127.0.0.1 - - [19/Apr/2024:01:54:33 +0300] "POST /api/auth.Authentication/GetAuth HTTP/1.1" 200 66 "https://192.168.88.209/" "Mozilla/5.0 (Windows NT 10.0; Win64; x64; rv:124.0) Gecko/20100101 Firefox/124.0"
192.168.88.209 - - [19/Apr/2024:01:57:22 +0300] "GET / HTTP/1.1" 304 0 "-" "Mozilla/5.0 (Windows NT 10.0; Win64; x64; rv:124.0) Gecko/20100101 Firefox/124.0"
127.0.0.1 - - [19/Apr/2024:01:57:22 +0300] "POST /api/auth.Authentication/GetAuth HTTP/1.1" 200 66 "https://192.168.88.209/" "Mozilla/5.0 (Windows NT 10.0; Win64; x64; rv:124.0) Gecko/20100101 Firefox/124.0"
127.0.0.1 - - [19/Apr/2024:01:57:24 +0300] "POST /api/auth.Authentication/DropToken HTTP/1.1" 200 38 "https://192.168.88.209/" "Mozilla/5.0 (Windows NT 10.0; Win64; x64; rv:124.0) Gecko/20100101 Firefox/124.0"
127.0.0.1 - - [19/Apr/2024:01:57:24 +0300] "POST /api/auth.Authentication/GetAuth HTTP/1.1" 200 36 "https://192.168.88.209/" "Mozilla/5.0 (Windows NT 10.0; Win64; x64; rv:124.0) Gecko/20100101 Firefox/124.0"
192.168.88.209 - - [19/Apr/2024:02:03:01 +0300] "GET / HTTP/1.1" 304 0 "-" "Mozilla/5.0 (Windows NT 10.0; Win64; x64; rv:124.0) Gecko/20100101 Firefox/124.0"
192.168.88.209 - - [19/Apr/2024:02:03:01 +0300] "GET /consys-wasm-8c0b1db06d03465a.js HTTP/1.1" 304 0 "https://192.168.88.209/" "Mozilla/5.0 (Windows NT 10.0; Win64; x64; rv:124.0) Gecko/20100101 Firefox/124.0"
192.168.88.209 - - [19/Apr/2024:02:03:01 +0300] "GET /index-477a84c4115640a9.css HTTP/1.1" 304 0 "https://192.168.88.209/" "Mozilla/5.0 (Windows NT 10.0; Win64; x64; rv:124.0) Gecko/20100101 Firefox/124.0"
192.168.88.209 - - [19/Apr/2024:02:03:01 +0300] "GET /consys-wasm-8c0b1db06d03465a_bg.wasm HTTP/1.1" 304 0 "https://192.168.88.209/" "Mozilla/5.0 (Windows NT 10.0; Win64; x64; rv:124.0) Gecko/20100101 Firefox/124.0"
127.0.0.1 - - [19/Apr/2024:02:03:01 +0300] "POST /api/auth.Authentication/GetAuth HTTP/1.1" 200 36 "https://192.168.88.209/" "Mozilla/5.0 (Windows NT 10.0; Win64; x64; rv:124.0) Gecko/20100101 Firefox/124.0"
127.0.0.1 - - [19/Apr/2024:02:03:04 +0300] "POST /api/auth.Authentication/Authorize HTTP/1.1" 200 80 "https://192.168.88.209/" "Mozilla/5.0 (Windows NT 10.0; Win64; x64; rv:124.0) Gecko/20100101 Firefox/124.0"
127.0.0.1 - - [19/Apr/2024:02:03:04 +0300] "POST /api/auth.Authentication/GetAuth HTTP/1.1" 200 66 "https://192.168.88.209/" "Mozilla/5.0 (Windows NT 10.0; Win64; x64; rv:124.0) Gecko/20100101 Firefox/124.0"
127.0.0.1 - - [19/Apr/2024:02:03:06 +0300] "POST /api/auth.Authentication/DropToken HTTP/1.1" 200 38 "https://192.168.88.209/" "Mozilla/5.0 (Windows NT 10.0; Win64; x64; rv:124.0) Gecko/20100101 Firefox/124.0"
127.0.0.1 - - [19/Apr/2024:02:03:06 +0300] "POST /api/auth.Authentication/GetAuth HTTP/1.1" 200 36 "https://192.168.88.209/" "Mozilla/5.0 (Windows NT 10.0; Win64; x64; rv:124.0) Gecko/20100101 Firefox/124.0"
192.168.88.178 - - [19/Apr/2024:02:03:12 +0300] "GET / HTTP/1.1" 200 975 "-" "Mozilla/5.0 (Linux; Android 10; K) AppleWebKit/537.36 (KHTML, like Gecko) Chrome/123.0.0.0 Mobile Safari/537.36"
192.168.88.178 - - [19/Apr/2024:02:03:12 +0300] "GET /index-477a84c4115640a9.css HTTP/1.1" 200 7843 "https://192.168.88.209/" "Mozilla/5.0 (Linux; Android 10; K) AppleWebKit/537.36 (KHTML, like Gecko) Chrome/123.0.0.0 Mobile Safari/537.36"
192.168.88.178 - - [19/Apr/2024:02:03:12 +0300] "GET /consys-wasm-8c0b1db06d03465a.js HTTP/1.1" 200 18844 "https://192.168.88.209/" "Mozilla/5.0 (Linux; Android 10; K) AppleWebKit/537.36 (KHTML, like Gecko) Chrome/123.0.0.0 Mobile Safari/537.36"
192.168.88.178 - - [19/Apr/2024:02:03:13 +0300] "GET /favicon.ico HTTP/1.1" 200 975 "https://192.168.88.209/" "Mozilla/5.0 (Linux; Android 10; K) AppleWebKit/537.36 (KHTML, like Gecko) Chrome/123.0.0.0 Mobile Safari/537.36"
192.168.88.178 - - [19/Apr/2024:02:03:13 +0300] "GET /consys-wasm-8c0b1db06d03465a_bg.wasm HTTP/1.1" 200 737619 "https://192.168.88.209/" "Mozilla/5.0 (Linux; Android 10; K) AppleWebKit/537.36 (KHTML, like Gecko) Chrome/123.0.0.0 Mobile Safari/537.36"
192.168.88.178 - - [19/Apr/2024:02:03:23 +0300] "GET / HTTP/1.1" 200 975 "-" "Mozilla/5.0 (Linux; Android 10; K) AppleWebKit/537.36 (KHTML, like Gecko) Chrome/123.0.0.0 Mobile Safari/537.36"
192.168.88.178 - - [19/Apr/2024:02:03:23 +0300] "GET /favicon.ico HTTP/1.1" 200 975 "https://192.168.88.209/" "Mozilla/5.0 (Linux; Android 10; K) AppleWebKit/537.36 (KHTML, like Gecko) Chrome/123.0.0.0 Mobile Safari/537.36"
192.168.88.178 - - [19/Apr/2024:02:03:23 +0300] "GET /consys-wasm-8c0b1db06d03465a_bg.wasm HTTP/1.1" 200 737619 "https://192.168.88.209/" "Mozilla/5.0 (Linux; Android 10; K) AppleWebKit/537.36 (KHTML, like Gecko) Chrome/123.0.0.0 Mobile Safari/537.36"
192.168.88.209 - - [19/Apr/2024:02:19:34 +0300] "GET / HTTP/1.1" 200 975 "-" "Mozilla/5.0 (Windows NT 10.0; Win64; x64; rv:124.0) Gecko/20100101 Firefox/124.0"
192.168.88.209 - - [19/Apr/2024:02:19:34 +0300] "GET /consys-wasm-fbb6e0f4a94b9519_bg.wasm HTTP/1.1" 200 738265 "https://192.168.88.209/" "Mozilla/5.0 (Windows NT 10.0; Win64; x64; rv:124.0) Gecko/20100101 Firefox/124.0"
192.168.88.209 - - [19/Apr/2024:02:19:34 +0300] "GET /index-477a84c4115640a9.css HTTP/1.1" 200 7843 "https://192.168.88.209/" "Mozilla/5.0 (Windows NT 10.0; Win64; x64; rv:124.0) Gecko/20100101 Firefox/124.0"
192.168.88.209 - - [19/Apr/2024:02:19:34 +0300] "GET /consys-wasm-fbb6e0f4a94b9519.js HTTP/1.1" 200 19116 "https://192.168.88.209/" "Mozilla/5.0 (Windows NT 10.0; Win64; x64; rv:124.0) Gecko/20100101 Firefox/124.0"
192.168.88.209 - - [19/Apr/2024:02:19:35 +0300] "POST /api/auth.Authentication/GetAuth HTTP/1.1" 200 36 "https://192.168.88.209/" "Mozilla/5.0 (Windows NT 10.0; Win64; x64; rv:124.0) Gecko/20100101 Firefox/124.0"
192.168.88.209 - - [19/Apr/2024:02:19:41 +0300] "POST /api/auth.Authentication/Authorize HTTP/1.1" 200 80 "https://192.168.88.209/" "Mozilla/5.0 (Windows NT 10.0; Win64; x64; rv:124.0) Gecko/20100101 Firefox/124.0"
192.168.88.209 - - [19/Apr/2024:02:19:41 +0300] "POST /api/auth.Authentication/GetAuth HTTP/1.1" 200 66 "https://192.168.88.209/" "Mozilla/5.0 (Windows NT 10.0; Win64; x64; rv:124.0) Gecko/20100101 Firefox/124.0"
192.168.88.209 - - [19/Apr/2024:02:19:47 +0300] "POST /api/auth.Authentication/DropToken HTTP/1.1" 200 38 "https://192.168.88.209/" "Mozilla/5.0 (Windows NT 10.0; Win64; x64; rv:124.0) Gecko/20100101 Firefox/124.0"
192.168.88.209 - - [19/Apr/2024:02:19:48 +0300] "POST /api/auth.Authentication/GetAuth HTTP/1.1" 200 36 "https://192.168.88.209/" "Mozilla/5.0 (Windows NT 10.0; Win64; x64; rv:124.0) Gecko/20100101 Firefox/124.0"
192.168.88.178 - - [19/Apr/2024:02:20:39 +0300] "GET / HTTP/1.1" 200 975 "-" "Mozilla/5.0 (Linux; Android 10; K) AppleWebKit/537.36 (KHTML, like Gecko) Chrome/123.0.0.0 Mobile Safari/537.36"
192.168.88.178 - - [19/Apr/2024:02:20:39 +0300] "GET /index-477a84c4115640a9.css HTTP/1.1" 200 7843 "https://192.168.88.209/" "Mozilla/5.0 (Linux; Android 10; K) AppleWebKit/537.36 (KHTML, like Gecko) Chrome/123.0.0.0 Mobile Safari/537.36"
192.168.88.178 - - [19/Apr/2024:02:20:39 +0300] "GET /consys-wasm-fbb6e0f4a94b9519.js HTTP/1.1" 200 19116 "https://192.168.88.209/" "Mozilla/5.0 (Linux; Android 10; K) AppleWebKit/537.36 (KHTML, like Gecko) Chrome/123.0.0.0 Mobile Safari/537.36"
192.168.88.178 - - [19/Apr/2024:02:20:39 +0300] "GET /consys-wasm-fbb6e0f4a94b9519_bg.wasm HTTP/1.1" 200 738265 "https://192.168.88.209/" "Mozilla/5.0 (Linux; Android 10; K) AppleWebKit/537.36 (KHTML, like Gecko) Chrome/123.0.0.0 Mobile Safari/537.36"
192.168.88.178 - - [19/Apr/2024:02:20:40 +0300] "POST /api/auth.Authentication/GetAuth HTTP/1.1" 200 36 "https://192.168.88.209/" "Mozilla/5.0 (Linux; Android 10; K) AppleWebKit/537.36 (KHTML, like Gecko) Chrome/123.0.0.0 Mobile Safari/537.36"
192.168.88.178 - - [19/Apr/2024:02:20:40 +0300] "GET /favicon.ico HTTP/1.1" 200 975 "https://192.168.88.209/" "Mozilla/5.0 (Linux; Android 10; K) AppleWebKit/537.36 (KHTML, like Gecko) Chrome/123.0.0.0 Mobile Safari/537.36"
192.168.88.178 - - [19/Apr/2024:02:20:41 +0300] "GET / HTTP/1.1" 200 975 "-" "Mozilla/5.0 (Linux; Android 10; K) AppleWebKit/537.36 (KHTML, like Gecko) Chrome/123.0.0.0 Mobile Safari/537.36"
192.168.88.178 - - [19/Apr/2024:02:20:41 +0300] "GET /favicon.ico HTTP/1.1" 200 975 "https://192.168.88.209/" "Mozilla/5.0 (Linux; Android 10; K) AppleWebKit/537.36 (KHTML, like Gecko) Chrome/123.0.0.0 Mobile Safari/537.36"
192.168.88.178 - - [19/Apr/2024:02:20:42 +0300] "GET /consys-wasm-fbb6e0f4a94b9519_bg.wasm HTTP/1.1" 200 738265 "https://192.168.88.209/" "Mozilla/5.0 (Linux; Android 10; K) AppleWebKit/537.36 (KHTML, like Gecko) Chrome/123.0.0.0 Mobile Safari/537.36"
192.168.88.178 - - [19/Apr/2024:02:20:42 +0300] "POST /api/auth.Authentication/GetAuth HTTP/1.1" 200 36 "https://192.168.88.209/" "Mozilla/5.0 (Linux; Android 10; K) AppleWebKit/537.36 (KHTML, like Gecko) Chrome/123.0.0.0 Mobile Safari/537.36"
192.168.88.178 - - [19/Apr/2024:02:20:48 +0300] "POST /api/auth.Authentication/Authorize HTTP/1.1" 200 80 "https://192.168.88.209/" "Mozilla/5.0 (Linux; Android 10; K) AppleWebKit/537.36 (KHTML, like Gecko) Chrome/123.0.0.0 Mobile Safari/537.36"
192.168.88.178 - - [19/Apr/2024:02:20:49 +0300] "POST /api/auth.Authentication/GetAuth HTTP/1.1" 200 66 "https://192.168.88.209/" "Mozilla/5.0 (Linux; Android 10; K) AppleWebKit/537.36 (KHTML, like Gecko) Chrome/123.0.0.0 Mobile Safari/537.36"
192.168.88.178 - - [19/Apr/2024:02:35:17 +0300] "GET / HTTP/1.1" 200 975 "-" "Mozilla/5.0 (Linux; Android 10; K) AppleWebKit/537.36 (KHTML, like Gecko) Chrome/123.0.0.0 Mobile Safari/537.36"
192.168.88.178 - - [19/Apr/2024:02:35:17 +0300] "GET /index-477a84c4115640a9.css HTTP/1.1" 304 0 "https://192.168.88.209/" "Mozilla/5.0 (Linux; Android 10; K) AppleWebKit/537.36 (KHTML, like Gecko) Chrome/123.0.0.0 Mobile Safari/537.36"
192.168.88.178 - - [19/Apr/2024:02:35:17 +0300] "GET /consys-wasm-fbb6e0f4a94b9519.js HTTP/1.1" 200 19116 "https://192.168.88.209/" "Mozilla/5.0 (Linux; Android 10; K) AppleWebKit/537.36 (KHTML, like Gecko) Chrome/123.0.0.0 Mobile Safari/537.36"
192.168.88.178 - - [19/Apr/2024:02:35:17 +0300] "GET /favicon.ico HTTP/1.1" 200 975 "https://192.168.88.209/" "Mozilla/5.0 (Linux; Android 10; K) AppleWebKit/537.36 (KHTML, like Gecko) Chrome/123.0.0.0 Mobile Safari/537.36"
192.168.88.178 - - [19/Apr/2024:02:35:18 +0300] "GET /consys-wasm-fbb6e0f4a94b9519_bg.wasm HTTP/1.1" 200 738265 "https://192.168.88.209/" "Mozilla/5.0 (Linux; Android 10; K) AppleWebKit/537.36 (KHTML, like Gecko) Chrome/123.0.0.0 Mobile Safari/537.36"
192.168.88.178 - - [19/Apr/2024:02:35:18 +0300] "POST /api/auth.Authentication/GetAuth HTTP/1.1" 200 66 "https://192.168.88.209/" "Mozilla/5.0 (Linux; Android 10; K) AppleWebKit/537.36 (KHTML, like Gecko) Chrome/123.0.0.0 Mobile Safari/537.36"
192.168.88.178 - - [19/Apr/2024:02:36:10 +0300] "POST /api/auth.Authentication/DropToken HTTP/1.1" 200 38 "https://192.168.88.209/" "Mozilla/5.0 (Linux; Android 10; K) AppleWebKit/537.36 (KHTML, like Gecko) Chrome/123.0.0.0 Mobile Safari/537.36"
192.168.88.178 - - [19/Apr/2024:02:36:10 +0300] "POST /api/auth.Authentication/GetAuth HTTP/1.1" 200 36 "https://192.168.88.209/" "Mozilla/5.0 (Linux; Android 10; K) AppleWebKit/537.36 (KHTML, like Gecko) Chrome/123.0.0.0 Mobile Safari/537.36"
192.168.88.178 - - [19/Apr/2024:02:36:19 +0300] "POST /api/auth.Authentication/Authorize HTTP/1.1" 200 80 "https://192.168.88.209/" "Mozilla/5.0 (Linux; Android 10; K) AppleWebKit/537.36 (KHTML, like Gecko) Chrome/123.0.0.0 Mobile Safari/537.36"
192.168.88.178 - - [19/Apr/2024:02:36:19 +0300] "POST /api/auth.Authentication/GetAuth HTTP/1.1" 200 66 "https://192.168.88.209/" "Mozilla/5.0 (Linux; Android 10; K) AppleWebKit/537.36 (KHTML, like Gecko) Chrome/123.0.0.0 Mobile Safari/537.36"
